// Jest Snapshot v1, https://goo.gl/fbAQLP

exports[`renders correctly 1`] = `
<div
  className="flex-col max-w-screen-xl max-h-full mb-20 mt-10 p-6 mx-4  "
>
  <div
    className="flex md:flex-row flex-col max-h-screen "
  >
    <div
      className=" flex flex-col bg-white shadow-xl px-4 py-6 ml-6 h-full mx-2 md:w-3/5 bg-cover hover:-translate-y-4 hover:shadow-xl  ease-out duration-700"
      style={
        Object {
          "backgroundImage": "url(\\"/images/bg-cover.png\\")",
        }
      }
    >
      <h1
        className="text-center max-w-lg mb-6  font-sans text-3xl font-bold leading-none tracking-tight text-[#192655] sm:text-4xl md:mx-auto"
      >
        home.joinus.title
      </h1>
      <p
        className="p-2 text-sm md:text-base"
      >
        home.joinus.text
      </p>
      <div
        className="flex w-full justify-center gap-4 mb-2 mt-2 "
      >
        <a
          class="bg-white hover:bg-orange-600 hover:text-white mt-8 py-3 px-8 text-lg rounded-full font-bold uppercase text-orange-400 border border-orange-400 tracking-widest"
          href="/signup"
          onClick={[Function]}
          onMouseEnter={[Function]}
          onTouchStart={[Function]}
        >
          home.joinus.joinus
        </a>
        <a
          className="bg-orange-400 hover:bg-orange-600 mt-8 py-3 px-8 text-lg rounded-full font-bold uppercase text-white tracking-widest"
          href="/meals"
          onClick={[Function]}
          onMouseEnter={[Function]}
          onTouchStart={[Function]}
        >
          home.joinus.donate
        </a>
      </div>
    </div>
    <div
      className="hover:-translate-y-4 hover:shadow-xl hidden rounded-full ease-out duration-700 md:flex self-center lg:self-end md:w-1/5 md:h-1/2 md:ml-16"
    >
      <img
        alt="hands"
        src="images/home/joinUs/sha.png"
      />
    </div>
  </div>
</div>
`;
