// Jest Snapshot v1, https://goo.gl/fbAQLP

exports[`renders correctly 1`] = `
<div
  className="px-2 py-6 flex justify-center sm:max-w-xl md:max-w-full lg:max-w-full md:px-12 lg:px-2"
>
  <div
    className="grid gap-8 lg:grid-cols-3 md:grid-cols-2 sm:max-w-sm lg:max-w-full md:max-w-full mx-auto justify-center"
  >
    <div>
      <div
        className="dark:text-white flex flex-col justify-center lg:py-5 md:py-5 overflow-hidden w-80  transition-shadow duration-300 rounded group "
      >
        <div
          className="bg-white rounded-xl"
        >
          <a
            href="/blogs/story/1"
            onClick={[Function]}
            onMouseEnter={[Function]}
            onTouchStart={[Function]}
          >
             
            <div
              className="relative"
            >
              <img
                alt="Sample Title 1"
                className="rounded-xl object-cover w-full h-56"
              />
              <div
                className="group-hover:bg-transparent transition rounded-xl duration-300 absolute bottom-0 top-0 right-0 left-0 bg-gray-700 opacity-25"
              />
            </div>
            <div
              className="pb-2 px-2"
            >
              <div
                className="py-2"
              >
                <p
                  className="w-80 text-stone-900 text-xl font-medium capitalize line-clamp-2 group-hover:text-blue-700"
                >
                  Sample Title 1
                </p>
              </div>
              <div
                className="flex justify-between items-center my-1"
              >
                <p
                  className="bg-blue-400 group-hover:bg-blue-500 px-4 py-2 rounded-md text-white font-medium font-Outfit"
                />
                <div
                  className="flex"
                >
                  <span
                    className="text-gray-600 dark:text-white inline-flex items-center lg:ml-auto md:ml-0 ml-auto leading-none text-md"
                  >
                    2023-10-30
                  </span>
                </div>
              </div>
            </div>
          </a>
           
        </div>
      </div>
    </div>
    <div>
      <div
        className="dark:text-white flex flex-col justify-center lg:py-5 md:py-5 overflow-hidden w-80  transition-shadow duration-300 rounded group "
      >
        <div
          className="bg-white rounded-xl"
        >
          <a
            href="/blogs/story/2"
            onClick={[Function]}
            onMouseEnter={[Function]}
            onTouchStart={[Function]}
          >
             
            <div
              className="relative"
            >
              <img
                alt="Sample Title 2"
                className="rounded-xl object-cover w-full h-56"
              />
              <div
                className="group-hover:bg-transparent transition rounded-xl duration-300 absolute bottom-0 top-0 right-0 left-0 bg-gray-700 opacity-25"
              />
            </div>
            <div
              className="pb-2 px-2"
            >
              <div
                className="py-2"
              >
                <p
                  className="w-80 text-stone-900 text-xl font-medium capitalize line-clamp-2 group-hover:text-blue-700"
                >
                  Sample Title 2
                </p>
              </div>
              <div
                className="flex justify-between items-center my-1"
              >
                <p
                  className="bg-blue-400 group-hover:bg-blue-500 px-4 py-2 rounded-md text-white font-medium font-Outfit"
                />
                <div
                  className="flex"
                >
                  <span
                    className="text-gray-600 dark:text-white inline-flex items-center lg:ml-auto md:ml-0 ml-auto leading-none text-md"
                  >
                    2023-10-31
                  </span>
                </div>
              </div>
            </div>
          </a>
           
        </div>
      </div>
    </div>
  </div>
</div>
`;
