// Jest Snapshot v1, https://goo.gl/fbAQLP

exports[`renders correctly 1`] = `
Array [
  <script
    dangerouslySetInnerHTML={
      Object {
        "__html": "!function(){try{var d=document.documentElement,c=d.classList;c.remove('light','dark');var e=localStorage.getItem('theme');if('system'===e||(!e&&true)){var t='(prefers-color-scheme: dark)',m=window.matchMedia(t);if(m.media!==t||m.matches){d.style.colorScheme = 'dark';c.add('dark')}else{d.style.colorScheme = 'light';c.add('light')}}else if(e){c.add(e|| '')}if(e==='light'||e==='dark')d.style.colorScheme=e}catch(e){}}()",
      }
    }
  />,
  <div
    onMouseEnter={[Function]}
    onMouseLeave={[Function]}
    style={
      Object {
        "bottom": 16,
        "left": 16,
        "pointerEvents": "none",
        "position": "fixed",
        "right": 16,
        "top": 16,
        "zIndex": 9999,
      }
    }
  />,
  <nav
    className="sticky z-20 mt-0 top-0 font-sans uppercase  bg-white  py-2.5  lg:backdrop-filter lg:backdrop-blur-lg lg:backdrop-opacity-25 lg:opacity-80 "
  >
    <div
      className="flex flex-wrap items-center justify-between max-w-screen-xl px-2 mx-auto"
    >
      <div
        className="flex  h-8 mr-3  sm:mb-2"
      >
        <div
          className="flex h-full w-full ml-6 pt-3 justify-center items-center"
        >
          <a
            href="/"
            onClick={[Function]}
            onMouseEnter={[Function]}
            onTouchStart={[Function]}
          >
            <img
              alt="logo"
              data-nimg="1"
              decoding="async"
              height={30}
              loading="lazy"
              onError={[Function]}
              onLoad={[Function]}
              src="/_next/image?url=%2Fimages%2Fhome%2FNavbar%2Flogo.png&w=256&q=75"
              srcSet="/_next/image?url=%2Fimages%2Fhome%2FNavbar%2Flogo.png&w=96&q=75 1x, /_next/image?url=%2Fimages%2Fhome%2FNavbar%2Flogo.png&w=256&q=75 2x"
              style={
                Object {
                  "color": "transparent",
                }
              }
              width={80}
            />
          </a>
        </div>
      </div>
      <div
        className="flex items-center text-blue-800 hover:text-[#192655] px-2 lg:order-2 "
      >
        <a
          href="/cart"
          onClick={[Function]}
          onMouseEnter={[Function]}
          onTouchStart={[Function]}
        >
          <button
            className=" p-2 lg:text-blue-900 font-bold  focus:outline-none  focus:ring-white   hover:transform hover:rotate-12 duration-300"
            type="button"
          >
            <svg
              aria-hidden="true"
              className="h-6 w-6 hover:transform hover:scale-125 duration-300 hover:text-blue-500"
              fill="currentColor"
              height="1em"
              stroke="currentColor"
              strokeWidth="0"
              style={
                Object {
                  "color": undefined,
                }
              }
              viewBox="0 0 512 512"
              width="1em"
              xmlns="http://www.w3.org/2000/svg"
            >
              <path
                d="M25.45 63.043l-4.364 17.463 8.73 2.18L90.44 97.846l29.402 44.1 62.44 187.32-36.845 73.693h17.827c-2.086 4.238-3.264 8.99-3.264 14 0 17.567 14.433 32 32 32s32-14.433 32-32c0-5.01-1.178-9.762-3.264-14h102.528c-2.086 4.238-3.264 8.99-3.264 14 0 17.567 14.433 32 32 32s32-14.433 32-32c0-5.01-1.178-9.762-3.264-14H393v-18H174.562l23-46h192.924l70-210h-327.67L101.56 82.07 34.183 65.227l-8.733-2.184zm115.038 83.914H231v46h-75.178l-15.334-46zm108.512 0h78v46h-78v-46zm96 0h90.512l-15.334 46H345v-46zm-183.18 64H231v46h-53.846l-15.334-46zm87.18 0h78v46h-78v-46zm96 0h69.18l-15.334 46H345v-46zm-161.846 64H231v46h-32.514l-15.332-46zm65.846 0h78v46h-78v-46zm96 0h47.846l-15.332 46H345v-46zm-153 128c7.84 0 14 6.16 14 14s-6.16 14-14 14-14-6.16-14-14 6.16-14 14-14zm160 0c7.84 0 14 6.16 14 14s-6.16 14-14 14-14-6.16-14-14 6.16-14 14-14z"
              />
            </svg>
          </button>
        </a>
        <button
          className="hidden text-blue-800 hover:text-[#192655] lg:inline-block mx-2 z-20"
          onMouseEnter={[Function]}
        >
          <svg
            fill="currentColor"
            height={20}
            stroke="currentColor"
            strokeWidth="0"
            style={
              Object {
                "color": undefined,
              }
            }
            viewBox="0 0 512 512"
            width={20}
            xmlns="http://www.w3.org/2000/svg"
          >
            <path
              d="M464 256c0-114.87-93.13-208-208-208S48 141.13 48 256s93.13 208 208 208 208-93.13 208-208z"
              fill="none"
              strokeMiterlimit="10"
              strokeWidth="32"
            />
            <path
              d="M445.57 172.14c-16.06.1-14.48 29.73-34.49 15.75-7.43-5.18-12-12.71-21.33-15-8.15-2-16.5.08-24.55 1.47-9.15 1.58-20 2.29-26.94 9.22-6.71 6.67-10.26 15.62-17.4 22.33-13.81 13-19.64 27.19-10.7 45.57 8.6 17.67 26.59 27.26 46 26 19.07-1.27 38.88-12.33 38.33 15.38-.2 9.8 1.85 16.6 4.86 25.71 2.79 8.4 2.6 16.54 3.24 25.21 1.18 16.2 4.16 34.36 12.2 48.67l15-21.16c1.85-2.62 5.72-6.29 6.64-9.38 1.63-5.47-1.58-14.87-1.95-21s-.19-12.34-1.13-18.47c-1.32-8.59-6.4-16.64-7.1-25.13-1.29-15.81 1.6-28.43-10.58-41.65-11.76-12.75-29-15.81-45.47-13.22-8.3 1.3-41.71 6.64-28.3-12.33 2.65-3.73 7.28-6.79 10.26-10.34 2.59-3.09 4.84-8.77 7.88-11.18s17-5.18 21-3.95 8.17 7 11.64 9.56a49.89 49.89 0 0021.81 9.36c13.66 2 42.22-5.94 42-23.46-.04-8.4-7.84-20.1-10.92-27.96zM287.45 316.3c-5.33-22.44-35.82-29.94-52.26-42.11-9.45-7-17.86-17.81-30.27-18.69-5.72-.41-10.51.83-16.18-.64-5.2-1.34-9.28-4.14-14.82-3.41-10.35 1.36-16.88 12.42-28 10.92-10.55-1.42-21.42-13.76-23.82-23.81-3.08-12.92 7.14-17.11 18.09-18.26 4.57-.48 9.7-1 14.09.67 5.78 2.15 8.51 7.81 13.7 10.67 9.73 5.33 11.7-3.19 10.21-11.83-2.23-12.94-4.83-18.22 6.71-27.12 8-6.14 14.84-10.58 13.56-21.61-.76-6.48-4.31-9.41-1-15.86 2.51-4.91 9.4-9.34 13.89-12.27 11.59-7.56 49.65-7 34.1-28.16-4.57-6.21-13-17.31-21-18.83-10-1.89-14.44 9.27-21.41 14.19-7.2 5.09-21.22 10.87-28.43 3-9.7-10.59 6.43-14.07 10-21.46s-8.27-21.36-14.61-24.9l-29.81 33.43a41.52 41.52 0 008.34 31.86c5.93 7.63 15.37 10.08 15.8 20.5.42 10-1.14 15.12-7.68 22.15-2.83 3-4.83 7.26-7.71 10.07-3.53 3.43-2.22 2.38-7.73 3.32-10.36 1.75-19.18 4.45-29.19 7.21C95.34 199.94 93.8 172.69 86.2 162l-25 20.19c-.27 3.31 4.1 9.4 5.29 13 6.83 20.57 20.61 36.48 29.51 56.16 9.37 20.84 34.53 15.06 45.64 33.32 9.86 16.2-.67 36.71 6.71 53.67 5.36 12.31 18 15 26.72 24 8.91 9.09 8.72 21.53 10.08 33.36a305.22 305.22 0 007.45 41.28c1.21 4.69 2.32 10.89 5.53 14.76 2.2 2.66 9.75 4.95 6.7 5.83 4.26.7 11.85 4.68 15.4 1.76 4.68-3.84 3.43-15.66 4.24-21 2.43-15.9 10.39-31.45 21.13-43.35 10.61-11.74 25.15-19.69 34.11-33 8.73-12.98 11.36-30.49 7.74-45.68zm-33.39 26.32c-6 10.71-19.36 17.88-27.95 26.39-2.33 2.31-7.29 10.31-10.21 8.58-2.09-1.24-2.8-11.62-3.57-14a61.17 61.17 0 00-21.71-29.95c-3.13-2.37-10.89-5.45-12.68-8.7-2-3.53-.2-11.86-.13-15.7.11-5.6-2.44-14.91-1.06-20 1.6-5.87-1.48-2.33 3.77-3.49 2.77-.62 14.21 1.39 17.66 2.11 5.48 1.14 8.5 4.55 12.82 8 11.36 9.11 23.87 16.16 36.6 23.14 9.86 5.46 12.76 12.37 6.46 23.62zm-69.6-275.53c4.74 4.63 9.2 10.11 16.27 10.57 6.69.45 13-3.17 18.84 1.38 6.48 5 11.15 11.33 19.75 12.89 8.32 1.51 17.13-3.35 19.19-11.86 2-8.11-2.31-16.93-2.57-25.07 0-1.13.61-6.15-.17-7-.58-.64-5.42.08-6.16.1q-8.13.24-16.22 1.12a207.1 207.1 0 00-57.18 14.65c2.43 1.68 5.48 2.35 8.25 3.22zm171.94 56.18c8.49 0 17.11-3.8 14.37-13.62-2.3-8.23-6.22-17.16-15.76-12.72-6.07 2.82-14.67 10-15.38 17.12-.81 8.08 11.11 9.22 16.77 9.22zm-6.78 42.97c8.67 5.19 21.53 2.75 28.07-4.66 5.11-5.8 8.12-15.87 17.31-15.86a15.4 15.4 0 0110.82 4.41c3.8 3.93 3.05 7.62 3.86 12.54 1.81 11.05 13.66.63 16.75-3.65 2-2.79 4.71-6.93 3.8-10.56-.84-3.39-4.8-7-6.56-10.11-5.14-9-9.37-19.47-17.07-26.74-7.41-7-16.52-6.19-23.55 1.08-5.76 6-12.45 10.75-16.39 18.05-2.78 5.13-5.91 7.58-11.54 8.91-3.1.73-6.64 1-9.24 3.08-7.24 5.7-3.12 19.39 3.74 23.51z"
            />
          </svg>
           
        </button>
        <button
          className="inline-flex items-center p-2 ml-1 text-sm text-[#192655] rounded-lg lg:hidden hover:bg-blue-100 focus:outline-none focus:ring-2 focus:ring-blue-200  duration-300 ease-in-out'
                           transform-none"
          onClick={[Function]}
          onMouseLeave={[Function]}
          type="button"
        >
          <span
            className="sr-only"
          >
            Open main menu
          </span>
          <svg
            className="w-6 h-6 "
            fill="currentColor"
            viewBox="0 0 20 20"
            xmlns="http://www.w3.org/2000/svg"
          >
            <path
              clipRule="evenodd"
              d="M3 5a1 1 0 011-1h12a1 1 0 110 2H4a1 1 0 01-1-1zM3 10a1 1 0 011-1h12a1 1 0 110 2H4a1 1 0 01-1-1zM3 15a1 1 0 011-1h12a1 1 0 110 2H4a1 1 0 01-1-1z"
              fillRule="evenodd"
            />
          </svg>
          <svg
            className="w-6 h-6 duration-500 hidden"
            fill="currentColor"
            viewBox="0 0 20 20"
            xmlns="http://www.w3.org/2000/svg"
          >
            <path
              clipRule="evenodd"
              d="M4.293 4.293a1 1 0 011.414 0L10 8.586l4.293-4.293a1 1 0 111.414 1.414L11.414 10l4.293 4.293a1 1 0 01-1.414 1.414L10 11.414l-4.293 4.293a1 1 0 01-1.414-1.414L8.586 10 4.293 5.707a1 1 0 010-1.414z"
              fillRule="evenodd"
            />
          </svg>
        </button>
      </div>
      <div
        className="items-center justify-between lg:flex lg:w-auto lg-order-1  hidden  left-0"
      >
        <ul
          className="flex flex-col text-lg normal-case space-y-12 lg:space-y-0 items-center mt-4 font-medium lg:flex-row lg:space-x-6 lg:mt-0"
        >
          <li>
            <a
              className="block py-2 pl-3 pr-4 lg:text-blue-900  lg:font-bold border-b border-gray-100 hover:border-b hover:border-blue-950  lg:hover:bg-transparent lg:border-0 lg:hover:text-[#192655] lg:hover:border-0 cursor-pointer "
              href="/"
              onClick={[Function]}
              onMouseEnter={[Function]}
              onTouchStart={[Function]}
            />
          </li>
          <li>
            <a
              className="block py-2 pl-3 pr-4 lg:text-blue-900 lg:font-bold border-b border-gray-100 hover:text-blue-800 hover:border-b hover:border-blue-950  lg:hover:bg-transparent lg:border-0 lg:hover:text-[#192655] lg:hover:border-0 cursor-pointer "
              href="/meals"
              onClick={[Function]}
              onMouseEnter={[Function]}
              onTouchStart={[Function]}
            />
          </li>
          <li>
            <a
              className="block py-2 pl-3 pr-4 lg:text-blue-900 lg:font-bold border-b border-gray-100 hover:border-b hover:border-blue-950  lg:hover:bg-transparent lg:border-0 lg:hover:text-[#192655]  lg:hover:border-0 cursor-pointer "
              href="/blogs"
              onClick={[Function]}
              onMouseEnter={[Function]}
              onTouchStart={[Function]}
            />
          </li>
          <li>
            <a
              className="block py-2 pl-3 pr-4 lg:text-blue-900  lg:font-bold border-b border-gray-100 hover:border-b hover:border-blue-950  lg:hover:bg-transparent lg:border-0 lg:hover:text-[#192655]  lg:hover:border-0 cursor-pointer "
              href="/aboutus"
              onClick={[Function]}
              onMouseEnter={[Function]}
              onTouchStart={[Function]}
            />
          </li>
          <li>
            <div
              className="relative group"
            >
              <span
                className="block py-2 pl-3 pr-4 lg:text-blue-900 lg:font-bold border-b border-gray-100 hover:border-b hover:border-blue-950  lg:hover:bg-transparent lg:border-0 lg:hover:text-[#192655]  lg:hover:border-0 cursor-pointer "
              >
                <a
                  href="/admin-dashboard"
                  onClick={[Function]}
                  onMouseEnter={[Function]}
                  onTouchStart={[Function]}
                >
                   
                </a>
              </span>
            </div>
          </li>
          <li
            className="lg:hidden"
          >
            <button
              className="flex py-2 pl-3 pr-4 lg:text-blue-950 lg:hover:bg-transparent lg:border-0 lg:hover:text-blue-700   "
              onClick={[Function]}
            >
              <svg
                fill="currentColor"
                height={30}
                stroke="currentColor"
                strokeWidth="0"
                style={
                  Object {
                    "color": undefined,
                  }
                }
                viewBox="0 0 512 512"
                width={30}
                xmlns="http://www.w3.org/2000/svg"
              >
                <path
                  d="M464 256c0-114.87-93.13-208-208-208S48 141.13 48 256s93.13 208 208 208 208-93.13 208-208z"
                  fill="none"
                  strokeMiterlimit="10"
                  strokeWidth="32"
                />
                <path
                  d="M445.57 172.14c-16.06.1-14.48 29.73-34.49 15.75-7.43-5.18-12-12.71-21.33-15-8.15-2-16.5.08-24.55 1.47-9.15 1.58-20 2.29-26.94 9.22-6.71 6.67-10.26 15.62-17.4 22.33-13.81 13-19.64 27.19-10.7 45.57 8.6 17.67 26.59 27.26 46 26 19.07-1.27 38.88-12.33 38.33 15.38-.2 9.8 1.85 16.6 4.86 25.71 2.79 8.4 2.6 16.54 3.24 25.21 1.18 16.2 4.16 34.36 12.2 48.67l15-21.16c1.85-2.62 5.72-6.29 6.64-9.38 1.63-5.47-1.58-14.87-1.95-21s-.19-12.34-1.13-18.47c-1.32-8.59-6.4-16.64-7.1-25.13-1.29-15.81 1.6-28.43-10.58-41.65-11.76-12.75-29-15.81-45.47-13.22-8.3 1.3-41.71 6.64-28.3-12.33 2.65-3.73 7.28-6.79 10.26-10.34 2.59-3.09 4.84-8.77 7.88-11.18s17-5.18 21-3.95 8.17 7 11.64 9.56a49.89 49.89 0 0021.81 9.36c13.66 2 42.22-5.94 42-23.46-.04-8.4-7.84-20.1-10.92-27.96zM287.45 316.3c-5.33-22.44-35.82-29.94-52.26-42.11-9.45-7-17.86-17.81-30.27-18.69-5.72-.41-10.51.83-16.18-.64-5.2-1.34-9.28-4.14-14.82-3.41-10.35 1.36-16.88 12.42-28 10.92-10.55-1.42-21.42-13.76-23.82-23.81-3.08-12.92 7.14-17.11 18.09-18.26 4.57-.48 9.7-1 14.09.67 5.78 2.15 8.51 7.81 13.7 10.67 9.73 5.33 11.7-3.19 10.21-11.83-2.23-12.94-4.83-18.22 6.71-27.12 8-6.14 14.84-10.58 13.56-21.61-.76-6.48-4.31-9.41-1-15.86 2.51-4.91 9.4-9.34 13.89-12.27 11.59-7.56 49.65-7 34.1-28.16-4.57-6.21-13-17.31-21-18.83-10-1.89-14.44 9.27-21.41 14.19-7.2 5.09-21.22 10.87-28.43 3-9.7-10.59 6.43-14.07 10-21.46s-8.27-21.36-14.61-24.9l-29.81 33.43a41.52 41.52 0 008.34 31.86c5.93 7.63 15.37 10.08 15.8 20.5.42 10-1.14 15.12-7.68 22.15-2.83 3-4.83 7.26-7.71 10.07-3.53 3.43-2.22 2.38-7.73 3.32-10.36 1.75-19.18 4.45-29.19 7.21C95.34 199.94 93.8 172.69 86.2 162l-25 20.19c-.27 3.31 4.1 9.4 5.29 13 6.83 20.57 20.61 36.48 29.51 56.16 9.37 20.84 34.53 15.06 45.64 33.32 9.86 16.2-.67 36.71 6.71 53.67 5.36 12.31 18 15 26.72 24 8.91 9.09 8.72 21.53 10.08 33.36a305.22 305.22 0 007.45 41.28c1.21 4.69 2.32 10.89 5.53 14.76 2.2 2.66 9.75 4.95 6.7 5.83 4.26.7 11.85 4.68 15.4 1.76 4.68-3.84 3.43-15.66 4.24-21 2.43-15.9 10.39-31.45 21.13-43.35 10.61-11.74 25.15-19.69 34.11-33 8.73-12.98 11.36-30.49 7.74-45.68zm-33.39 26.32c-6 10.71-19.36 17.88-27.95 26.39-2.33 2.31-7.29 10.31-10.21 8.58-2.09-1.24-2.8-11.62-3.57-14a61.17 61.17 0 00-21.71-29.95c-3.13-2.37-10.89-5.45-12.68-8.7-2-3.53-.2-11.86-.13-15.7.11-5.6-2.44-14.91-1.06-20 1.6-5.87-1.48-2.33 3.77-3.49 2.77-.62 14.21 1.39 17.66 2.11 5.48 1.14 8.5 4.55 12.82 8 11.36 9.11 23.87 16.16 36.6 23.14 9.86 5.46 12.76 12.37 6.46 23.62zm-69.6-275.53c4.74 4.63 9.2 10.11 16.27 10.57 6.69.45 13-3.17 18.84 1.38 6.48 5 11.15 11.33 19.75 12.89 8.32 1.51 17.13-3.35 19.19-11.86 2-8.11-2.31-16.93-2.57-25.07 0-1.13.61-6.15-.17-7-.58-.64-5.42.08-6.16.1q-8.13.24-16.22 1.12a207.1 207.1 0 00-57.18 14.65c2.43 1.68 5.48 2.35 8.25 3.22zm171.94 56.18c8.49 0 17.11-3.8 14.37-13.62-2.3-8.23-6.22-17.16-15.76-12.72-6.07 2.82-14.67 10-15.38 17.12-.81 8.08 11.11 9.22 16.77 9.22zm-6.78 42.97c8.67 5.19 21.53 2.75 28.07-4.66 5.11-5.8 8.12-15.87 17.31-15.86a15.4 15.4 0 0110.82 4.41c3.8 3.93 3.05 7.62 3.86 12.54 1.81 11.05 13.66.63 16.75-3.65 2-2.79 4.71-6.93 3.8-10.56-.84-3.39-4.8-7-6.56-10.11-5.14-9-9.37-19.47-17.07-26.74-7.41-7-16.52-6.19-23.55 1.08-5.76 6-12.45 10.75-16.39 18.05-2.78 5.13-5.91 7.58-11.54 8.91-3.1.73-6.64 1-9.24 3.08-7.24 5.7-3.12 19.39 3.74 23.51z"
                />
              </svg>
               
              <span
                className="px-2"
              />
            </button>
          </li>
        </ul>
      </div>
    </div>
  </nav>,
  <div
    className="bg-white lg:h-screen relative "
  >
    <div
      className="flex flex-col items-center justify-between pt-0 pr-10 pb-0 pl-10 mt-0 mr-auto mb-0 ml-auto max-w-7xl xl:px-5 lg:flex-row lg:h-1/2 lg:justify-center lg:items-center lg:my-40"
    >
      <div
        className="flex flex-col items-center w-full pt-5 pr-10 pb-20 pl-10 lg:pt-20 lg:flex-row"
      >
        <div
          className="w-full bg-cover relative max-w-md lg:max-w-2xl lg:w-7/12 "
        >
          <div
            className="flex flex-col items-center justify-center w-full lg:h-1/2 relative lg:px-10 "
          >
            <img
              alt="Image 1"
              className="image w-full h-1/2 rounded-2xl visible"
              src="/images/signup/Asset01.png"
            />
            <img
              alt="Image 2"
              className="image w-full h-1/2 rounded-2xl hidden"
              src="/images/signup/Asset02.png"
            />
            <img
              alt="Image 3"
              className="image w-full h-1/2 rounded-2xl hidden"
              src="/images/signup/Asset03.png"
            />
            <img
              alt="Image 4"
              className="image w-full h-1/2 rounded-2xl hidden"
              src="/images/signup/Asset04.png"
            />
            <img
              alt="Image 5"
              className="image w-full h-1/2 rounded-2xl hidden"
              src="/images/signup/Asset05.png"
            />
          </div>
        </div>
        <div
          className="w-full mt-20 mr-0 mb-0 ml-0 relative z-10 max-w-2xl lg:mt-0 lg:h-1/2 lg:w-5/12"
        >
          <div
            className="flex flex-col h-1/2 items-start justify-start pt-10 pr-10 pb-10 pl-10 bg-white shadow-2xl rounded-xl relative z-10"
          >
            <h1
              className="w-full text-4xl  text-center leading-snug "
            />
            <div
              className="mb-2 flex text-m text-black  "
            >
              <p>
                 
              </p>
              <span
                className="ml-1 cursor-pointer underline"
                onClick={[Function]}
              >
                 
                 
              </span>
            </div>
            <form
              className="w-full mt-6 mr-0 mb-0 ml-0 relative space-y-8"
              onSubmit={[Function]}
            >
              <div
                className="relative"
              >
                <p
                  className="bg-white pt-0 pr-2 pb-0 pl-2 -mt-3 mr-0 mb-0 ml-2 font-medium text-gray-600 absolute"
                />
                <svg
                  className="absolute top-1/2 transform -translate-y-1/2 left-2 text-gray-400"
                  fill="currentColor"
                  height="1em"
                  stroke="currentColor"
                  strokeWidth="0"
                  style={
                    Object {
                      "color": undefined,
                    }
                  }
                  viewBox="0 0 512 512"
                  width="1em"
                  xmlns="http://www.w3.org/2000/svg"
                >
                  <path
                    d="M502.3 190.8c3.9-3.1 9.7-.2 9.7 4.7V400c0 26.5-21.5 48-48 48H48c-26.5 0-48-21.5-48-48V195.6c0-5 5.7-7.8 9.7-4.7 22.4 17.4 52.1 39.5 154.1 113.6 21.1 15.4 56.7 47.8 92.2 47.6 35.7.3 72-32.8 92.3-47.6 102-74.1 131.6-96.3 154-113.7zM256 320c23.2.4 56.6-29.2 73.4-41.4 132.7-96.3 142.8-104.7 173.4-128.7 5.8-4.5 9.2-11.5 9.2-18.9v-19c0-26.5-21.5-48-48-48H48C21.5 64 0 85.5 0 112v19c0 7.4 3.4 14.3 9.2 18.9 30.6 23.9 40.7 32.4 173.4 128.7 16.8 12.2 50.2 41.8 73.4 41.4z"
                  />
                </svg>
                <input
                  className="border placeholder-gray-400 focus:outline-none focus:border-black w-full pt-4 pr-4 pb-4 pl-4 mt-2 mr-0 mb-0 ml-0 text-base block bg-white border-gray-300 rounded-md pl-8"
                  id="username"
                  name="username"
                  onChange={[Function]}
                  required={true}
                  type="text"
                  value=""
                />
              </div>
              <div
                className="relative"
              >
                <p
                  className="bg-white pt-0 pr-2 pb-0 pl-2 -mt-3 mr-0 mb-0 ml-2 font-medium text-gray-600 absolute"
                />
                <svg
                  className="absolute top-1/2 transform -translate-y-1/2 left-2 text-gray-400"
                  fill="currentColor"
                  height="1em"
                  stroke="currentColor"
                  strokeWidth="0"
                  style={
                    Object {
                      "color": undefined,
                    }
                  }
                  viewBox="0 0 448 512"
                  width="1em"
                  xmlns="http://www.w3.org/2000/svg"
                >
                  <path
                    d="M400 224h-24v-72C376 68.2 307.8 0 224 0S72 68.2 72 152v72H48c-26.5 0-48 21.5-48 48v192c0 26.5 21.5 48 48 48h352c26.5 0 48-21.5 48-48V272c0-26.5-21.5-48-48-48zm-104 0H152v-72c0-39.7 32.3-72 72-72s72 32.3 72 72v72z"
                  />
                </svg>
                <input
                  className="border placeholder-gray-400 focus:outline-none focus:border-black w-full pt-4 pr-4 pb-4 pl-4 mt-2 mr-0 mb-0 ml-0 text-base block bg-white border-gray-300 rounded-md pl-8"
                  id="password"
                  name="password"
                  onChange={[Function]}
                  required={true}
                  type="password"
                  value=""
                />
              </div>
              <div>
                <button
                  className="w-full inline-block pt-4 pr-5 pb-4 pl-5 text-xl font-medium text-center text-white bg-indigo-500 rounded-lg transition duration-200 hover:bg-indigo-600 ease"
                  type="submit"
                />
              </div>
            </form>
            <div
              className="mb-6 block text-gray-600 mt-2"
            >
              <label
                className="block text-orange-600 text-sm underline cursor-pointer"
                onClick={[Function]}
              />
            </div>
            <div
              className="mb-6 block text-gray-600 mt-2 w-full"
            >
              <div
                className="inline-block w-full p-2 border border-gray-300 rounded-lg shadow hover:shadow-md hover:bg-indigo-500 cursor-pointer relative bg-white text-center "
                onMouseEnter={[Function]}
                onMouseLeave={[Function]}
              >
                <div
                  className="flex items-center  justify-center  "
                  onClick={[Function]}
                >
                  <div
                    className="w-6 h-6  "
                  >
                    <svg
                      enableBackground="new 0 0 48 48"
                      fill="currentColor"
                      height={24}
                      stroke="currentColor"
                      strokeWidth="0"
                      style={
                        Object {
                          "color": undefined,
                        }
                      }
                      version="1.1"
                      viewBox="0 0 48 48"
                      width={24}
                      x="0px"
                      xmlns="http://www.w3.org/2000/svg"
                      y="0px"
                    >
                      <path
                        d="M43.611,20.083H42V20H24v8h11.303c-1.649,4.657-6.08,8-11.303,8c-6.627,0-12-5.373-12-12
	c0-6.627,5.373-12,12-12c3.059,0,5.842,1.154,7.961,3.039l5.657-5.657C34.046,6.053,29.268,4,24,4C12.955,4,4,12.955,4,24
	c0,11.045,8.955,20,20,20c11.045,0,20-8.955,20-20C44,22.659,43.862,21.35,43.611,20.083z"
                        fill="#FFC107"
                      />
                      <path
                        d="M6.306,14.691l6.571,4.819C14.655,15.108,18.961,12,24,12c3.059,0,5.842,1.154,7.961,3.039l5.657-5.657
	C34.046,6.053,29.268,4,24,4C16.318,4,9.656,8.337,6.306,14.691z"
                        fill="#FF3D00"
                      />
                      <path
                        d="M24,44c5.166,0,9.86-1.977,13.409-5.192l-6.19-5.238C29.211,35.091,26.715,36,24,36
	c-5.202,0-9.619-3.317-11.283-7.946l-6.522,5.025C9.505,39.556,16.227,44,24,44z"
                        fill="#4CAF50"
                      />
                      <path
                        d="M43.611,20.083H42V20H24v8h11.303c-0.792,2.237-2.231,4.166-4.087,5.571
	c0.001-0.001,0.002-0.001,0.003-0.002l6.19,5.238C36.971,39.205,44,34,44,24C44,22.659,43.862,21.35,43.611,20.083z"
                        fill="#1976D2"
                      />
                    </svg>
                  </div>
                  <span
                    className="text-md font-semibold rounded mr-2 ml-2 false"
                  />
                </div>
              </div>
            </div>
          </div>
        </div>
      </div>
    </div>
  </div>,
]
`;
