// Jest Snapshot v1, https://goo.gl/fbAQLP

exports[`renders correctly 1`] = `
<div
  className="bg-cyan-50 rounded-lg  p-4 relative"
>
  <div
    className="bg-rose-100 rounded-tr-full p-4 z-10 space-y-3"
  >
    <div
      className="text-3xl font-bold font-Roboto leading-relaxed"
    >
      history.History
    </div>
  </div>
</div>
`;
