// Jest Snapshot v1, https://goo.gl/fbAQLP

exports[`renders correctly 1`] = `
<div>
  <button
    className="block text-white bg-blue-700 hover:bg-blue-800 focus:ring-4 focus:outline-none focus:ring-blue-300 font-medium rounded-lg text-sm px-5 py-2.5 text-center dark:bg-blue-600 dark:hover-bg-blue-700 dark:focus-ring-blue-800"
    data-modal-target="default-modal"
    data-modal-toggle="default-modal"
    onClick={[Function]}
    type="button"
  >
    mealsPage.show_meals
  </button>
</div>
`;
